exports[`<Counter /> matches snapshot 1`] = `"[object Window]"`;
