exports[`<Profile /> matches snapshot 1`] = `"[object Window]"`;
